
Efinix Static Timing Analysis Report
Version: 2024.1.163
Date: Tue Oct 15 16:08:38 2024

Copyright (C) 2013 - 2024  All rights reserved.

Top-level Entity Name: LED_BLINKING_DEMO

SDC Filename: Not Specified

Timing Model: C3
	temperature : 0C to 85C
	voltage : 1.2V +/-50mV
	speedgrade : 3
	technology : s40ll
	status : final

---------- Table of Contents (begin) ----------
   1. Clock Frequency Summary
   2. Clock Relationship Summary
   3. Path Details for Max Critical Paths
   4. Path Details for Min Critical Paths
---------- Table of Contents (end) ------------

---------- 1. Clock Frequency Summary (begin) ----------

User target constrained clocks
 Clock Name  Period (ns)  Frequency (MHz)   Waveform      Targets
   clk_in       1.000        1000.000     {0.000 0.500}   {clk_in}

Maximum possible analyzed clocks frequency
 Clock Name  Period (ns)  Frequency (MHz)     Edge
   clk_in       3.609        277.085         (R-R)

Geomean max period: 3.609

---------- Clock Frequency Summary (end) ---------------

---------- 2. Clock Relationship Summary (begin) ----------

Setup (Max) Clock Relationship
  Launch Clock    Capture Clock   Constraint (ns)     Slack (ns)          Edge
     clk_in           clk_in           1.000            -2.609           (R-R)

Hold (Min) Clock Relationship
  Launch Clock    Capture Clock   Constraint (ns)     Slack (ns)          Edge
     clk_in           clk_in           0.000            0.307            (R-R)

NOTE: Values are in nanoseconds.

---------- Clock Relationship Summary (end) ---------------

---------- 3. Path Details for Max Critical Paths (begin) ----------

################################################################################
Path Detail Report (clk_in vs clk_in)
################################################################################


++++ Path 1 ++++++++++++++++++++++++++++++++++++++++++++++++++++++++++++++++++++

Path Begin    : count[19]~FF_frt_0_frt_3|CLK         
Path End      : count[1]~FF_frt_5_frt_51|SR          
Launch Clock  : clk_in (RISE)                        
Capture Clock : clk_in (RISE)                        
Slack         : -2.609 (required time - arrival time)
Delay         : 2.758                                

Logic Level             : 1
Non-global nets on path : 2
Global nets on path     : 0

Launch Clock Path Delay        :  6.903
+ Clock To Q + Data Path Delay :  3.453
---------------------------------------
End-of-path arrival time       : 10.356

Constraint                     : 1.000
+ Capture Clock Path Delay     : 6.903
- Clock Uncertainty            : 0.156
--------------------------------------
End-of-path required time      : 7.747

Launch Clock Path
            name              model name   delay (ns)  cumulative delay (ns) pins on net    location
======================================================================================================
clk_in                          inpad        0.000             0.000               0       (338,323)
clk_in                          inpad        0.260             0.260               2       (338,323)
clk_in                          net          0.416             0.676               2       (338,323)
   Routing elements:
      Manhattan distance of X:1, Y:0
CLKBUF__0|I                     gbuf         6.227             6.903               2       (337,323)
CLKBUF__0|O                     gbuf         0.000             6.903              38       (337,323)
clk_in~O                        net          0.000             6.903              38       (337,323)
count[19]~FF_frt_0_frt_3|CLK    ff           0.000             6.903              38       (66,65)  

Data Path
           name              model name   delay (ns)  cumulative delay (ns) pins on net    location
=====================================================================================================
count[19]~FF_frt_0_frt_3|Q      ff          0.366             0.366               2        (66,65)
count[19]~FF_frt_0_frt_3_q      net         1.271             1.637               2        (66,65)
   Routing elements:
      Manhattan distance of X:0, Y:13
LUT__222|in[2]                  lut         0.000             1.637               2        (66,52)
LUT__222|out                    lut         0.000             1.637              38        (66,52)
n5                              net         1.487             3.124              38        (66,52)
   Routing elements:
      Manhattan distance of X:0, Y:4
count[1]~FF_frt_5_frt_51|SR     ff          0.329             3.453              38        (66,48)

Capture Clock Path
            name              model name   delay (ns)  cumulative delay (ns) pins on net    location
======================================================================================================
clk_in                          inpad        0.000             0.000               0       (338,323)
clk_in                          inpad        0.260             0.260               2       (338,323)
clk_in                          net          0.416             0.676               2       (338,323)
   Routing elements:
      Manhattan distance of X:1, Y:0
CLKBUF__0|I                     gbuf         6.227             6.903               2       (337,323)
CLKBUF__0|O                     gbuf         0.000             6.903              38       (337,323)
clk_in~O                        net          0.000             6.903              38       (337,323)
count[1]~FF_frt_5_frt_51|CLK    ff           0.000             6.903              38       (66,48)  

++++ Path 2 ++++++++++++++++++++++++++++++++++++++++++++++++++++++++++++++++++++

Path Begin    : count[19]~FF_frt_0_frt_3|CLK         
Path End      : count[1]~FF_frt_5_frt_49|SR          
Launch Clock  : clk_in (RISE)                        
Capture Clock : clk_in (RISE)                        
Slack         : -2.609 (required time - arrival time)
Delay         : 2.758                                

Logic Level             : 1
Non-global nets on path : 2
Global nets on path     : 0

Launch Clock Path Delay        :  6.903
+ Clock To Q + Data Path Delay :  3.453
---------------------------------------
End-of-path arrival time       : 10.356

Constraint                     : 1.000
+ Capture Clock Path Delay     : 6.903
- Clock Uncertainty            : 0.156
--------------------------------------
End-of-path required time      : 7.747

Launch Clock Path
            name              model name   delay (ns)  cumulative delay (ns) pins on net    location
======================================================================================================
clk_in                          inpad        0.000             0.000               0       (338,323)
clk_in                          inpad        0.260             0.260               2       (338,323)
clk_in                          net          0.416             0.676               2       (338,323)
   Routing elements:
      Manhattan distance of X:1, Y:0
CLKBUF__0|I                     gbuf         6.227             6.903               2       (337,323)
CLKBUF__0|O                     gbuf         0.000             6.903              38       (337,323)
clk_in~O                        net          0.000             6.903              38       (337,323)
count[19]~FF_frt_0_frt_3|CLK    ff           0.000             6.903              38       (66,65)  

Data Path
           name              model name   delay (ns)  cumulative delay (ns) pins on net    location
=====================================================================================================
count[19]~FF_frt_0_frt_3|Q      ff          0.366             0.366               2        (66,65)
count[19]~FF_frt_0_frt_3_q      net         1.271             1.637               2        (66,65)
   Routing elements:
      Manhattan distance of X:0, Y:13
LUT__222|in[2]                  lut         0.000             1.637               2        (66,52)
LUT__222|out                    lut         0.000             1.637              38        (66,52)
n5                              net         1.487             3.124              38        (66,52)
   Routing elements:
      Manhattan distance of X:0, Y:6
count[1]~FF_frt_5_frt_49|SR     ff          0.329             3.453              38        (66,46)

Capture Clock Path
            name              model name   delay (ns)  cumulative delay (ns) pins on net    location
======================================================================================================
clk_in                          inpad        0.000             0.000               0       (338,323)
clk_in                          inpad        0.260             0.260               2       (338,323)
clk_in                          net          0.416             0.676               2       (338,323)
   Routing elements:
      Manhattan distance of X:1, Y:0
CLKBUF__0|I                     gbuf         6.227             6.903               2       (337,323)
CLKBUF__0|O                     gbuf         0.000             6.903              38       (337,323)
clk_in~O                        net          0.000             6.903              38       (337,323)
count[1]~FF_frt_5_frt_49|CLK    ff           0.000             6.903              38       (66,46)  

++++ Path 3 ++++++++++++++++++++++++++++++++++++++++++++++++++++++++++++++++++++

Path Begin    : count[19]~FF_frt_0_frt_3|CLK         
Path End      : count[1]~FF_frt_22|SR                
Launch Clock  : clk_in (RISE)                        
Capture Clock : clk_in (RISE)                        
Slack         : -2.609 (required time - arrival time)
Delay         : 2.758                                

Logic Level             : 1
Non-global nets on path : 2
Global nets on path     : 0

Launch Clock Path Delay        :  6.903
+ Clock To Q + Data Path Delay :  3.453
---------------------------------------
End-of-path arrival time       : 10.356

Constraint                     : 1.000
+ Capture Clock Path Delay     : 6.903
- Clock Uncertainty            : 0.156
--------------------------------------
End-of-path required time      : 7.747

Launch Clock Path
            name              model name   delay (ns)  cumulative delay (ns) pins on net    location
======================================================================================================
clk_in                          inpad        0.000             0.000               0       (338,323)
clk_in                          inpad        0.260             0.260               2       (338,323)
clk_in                          net          0.416             0.676               2       (338,323)
   Routing elements:
      Manhattan distance of X:1, Y:0
CLKBUF__0|I                     gbuf         6.227             6.903               2       (337,323)
CLKBUF__0|O                     gbuf         0.000             6.903              38       (337,323)
clk_in~O                        net          0.000             6.903              38       (337,323)
count[19]~FF_frt_0_frt_3|CLK    ff           0.000             6.903              38       (66,65)  

Data Path
           name             model name   delay (ns)  cumulative delay (ns) pins on net    location
====================================================================================================
count[19]~FF_frt_0_frt_3|Q     ff          0.366             0.366               2        (66,65)
count[19]~FF_frt_0_frt_3_q     net         1.271             1.637               2        (66,65)
   Routing elements:
      Manhattan distance of X:0, Y:13
LUT__222|in[2]                 lut         0.000             1.637               2        (66,52)
LUT__222|out                   lut         0.000             1.637              38        (66,52)
n5                             net         1.487             3.124              38        (66,52)
   Routing elements:
      Manhattan distance of X:0, Y:6
count[1]~FF_frt_22|SR          ff          0.329             3.453              38        (66,58)

Capture Clock Path
         name           model name   delay (ns)  cumulative delay (ns) pins on net    location
================================================================================================
clk_in                    inpad        0.000             0.000               0       (338,323)
clk_in                    inpad        0.260             0.260               2       (338,323)
clk_in                    net          0.416             0.676               2       (338,323)
   Routing elements:
      Manhattan distance of X:1, Y:0
CLKBUF__0|I               gbuf         6.227             6.903               2       (337,323)
CLKBUF__0|O               gbuf         0.000             6.903              38       (337,323)
clk_in~O                  net          0.000             6.903              38       (337,323)
count[1]~FF_frt_22|CLK    ff           0.000             6.903              38       (66,58)  

++++ Path 4 ++++++++++++++++++++++++++++++++++++++++++++++++++++++++++++++++++++

Path Begin    : count[19]~FF_frt_0_frt_3|CLK         
Path End      : count[1]~FF_frt_5_frt_53|SR          
Launch Clock  : clk_in (RISE)                        
Capture Clock : clk_in (RISE)                        
Slack         : -2.609 (required time - arrival time)
Delay         : 2.758                                

Logic Level             : 1
Non-global nets on path : 2
Global nets on path     : 0

Launch Clock Path Delay        :  6.903
+ Clock To Q + Data Path Delay :  3.453
---------------------------------------
End-of-path arrival time       : 10.356

Constraint                     : 1.000
+ Capture Clock Path Delay     : 6.903
- Clock Uncertainty            : 0.156
--------------------------------------
End-of-path required time      : 7.747

Launch Clock Path
            name              model name   delay (ns)  cumulative delay (ns) pins on net    location
======================================================================================================
clk_in                          inpad        0.000             0.000               0       (338,323)
clk_in                          inpad        0.260             0.260               2       (338,323)
clk_in                          net          0.416             0.676               2       (338,323)
   Routing elements:
      Manhattan distance of X:1, Y:0
CLKBUF__0|I                     gbuf         6.227             6.903               2       (337,323)
CLKBUF__0|O                     gbuf         0.000             6.903              38       (337,323)
clk_in~O                        net          0.000             6.903              38       (337,323)
count[19]~FF_frt_0_frt_3|CLK    ff           0.000             6.903              38       (66,65)  

Data Path
           name              model name   delay (ns)  cumulative delay (ns) pins on net    location
=====================================================================================================
count[19]~FF_frt_0_frt_3|Q      ff          0.366             0.366               2        (66,65)
count[19]~FF_frt_0_frt_3_q      net         1.271             1.637               2        (66,65)
   Routing elements:
      Manhattan distance of X:0, Y:13
LUT__222|in[2]                  lut         0.000             1.637               2        (66,52)
LUT__222|out                    lut         0.000             1.637              38        (66,52)
n5                              net         1.487             3.124              38        (66,52)
   Routing elements:
      Manhattan distance of X:0, Y:2
count[1]~FF_frt_5_frt_53|SR     ff          0.329             3.453              38        (66,50)

Capture Clock Path
            name              model name   delay (ns)  cumulative delay (ns) pins on net    location
======================================================================================================
clk_in                          inpad        0.000             0.000               0       (338,323)
clk_in                          inpad        0.260             0.260               2       (338,323)
clk_in                          net          0.416             0.676               2       (338,323)
   Routing elements:
      Manhattan distance of X:1, Y:0
CLKBUF__0|I                     gbuf         6.227             6.903               2       (337,323)
CLKBUF__0|O                     gbuf         0.000             6.903              38       (337,323)
clk_in~O                        net          0.000             6.903              38       (337,323)
count[1]~FF_frt_5_frt_53|CLK    ff           0.000             6.903              38       (66,50)  

++++ Path 5 ++++++++++++++++++++++++++++++++++++++++++++++++++++++++++++++++++++

Path Begin    : count[19]~FF_frt_0_frt_3|CLK         
Path End      : count[1]~FF_frt_5_frt_52|SR          
Launch Clock  : clk_in (RISE)                        
Capture Clock : clk_in (RISE)                        
Slack         : -2.609 (required time - arrival time)
Delay         : 2.758                                

Logic Level             : 1
Non-global nets on path : 2
Global nets on path     : 0

Launch Clock Path Delay        :  6.903
+ Clock To Q + Data Path Delay :  3.453
---------------------------------------
End-of-path arrival time       : 10.356

Constraint                     : 1.000
+ Capture Clock Path Delay     : 6.903
- Clock Uncertainty            : 0.156
--------------------------------------
End-of-path required time      : 7.747

Launch Clock Path
            name              model name   delay (ns)  cumulative delay (ns) pins on net    location
======================================================================================================
clk_in                          inpad        0.000             0.000               0       (338,323)
clk_in                          inpad        0.260             0.260               2       (338,323)
clk_in                          net          0.416             0.676               2       (338,323)
   Routing elements:
      Manhattan distance of X:1, Y:0
CLKBUF__0|I                     gbuf         6.227             6.903               2       (337,323)
CLKBUF__0|O                     gbuf         0.000             6.903              38       (337,323)
clk_in~O                        net          0.000             6.903              38       (337,323)
count[19]~FF_frt_0_frt_3|CLK    ff           0.000             6.903              38       (66,65)  

Data Path
           name              model name   delay (ns)  cumulative delay (ns) pins on net    location
=====================================================================================================
count[19]~FF_frt_0_frt_3|Q      ff          0.366             0.366               2        (66,65)
count[19]~FF_frt_0_frt_3_q      net         1.271             1.637               2        (66,65)
   Routing elements:
      Manhattan distance of X:0, Y:13
LUT__222|in[2]                  lut         0.000             1.637               2        (66,52)
LUT__222|out                    lut         0.000             1.637              38        (66,52)
n5                              net         1.487             3.124              38        (66,52)
   Routing elements:
      Manhattan distance of X:0, Y:3
count[1]~FF_frt_5_frt_52|SR     ff          0.329             3.453              38        (66,49)

Capture Clock Path
            name              model name   delay (ns)  cumulative delay (ns) pins on net    location
======================================================================================================
clk_in                          inpad        0.000             0.000               0       (338,323)
clk_in                          inpad        0.260             0.260               2       (338,323)
clk_in                          net          0.416             0.676               2       (338,323)
   Routing elements:
      Manhattan distance of X:1, Y:0
CLKBUF__0|I                     gbuf         6.227             6.903               2       (337,323)
CLKBUF__0|O                     gbuf         0.000             6.903              38       (337,323)
clk_in~O                        net          0.000             6.903              38       (337,323)
count[1]~FF_frt_5_frt_52|CLK    ff           0.000             6.903              38       (66,49)  

++++ Path 6 ++++++++++++++++++++++++++++++++++++++++++++++++++++++++++++++++++++

Path Begin    : count[19]~FF_frt_0_frt_3|CLK         
Path End      : count[1]~FF_frt_21|SR                
Launch Clock  : clk_in (RISE)                        
Capture Clock : clk_in (RISE)                        
Slack         : -2.609 (required time - arrival time)
Delay         : 2.758                                

Logic Level             : 1
Non-global nets on path : 2
Global nets on path     : 0

Launch Clock Path Delay        :  6.903
+ Clock To Q + Data Path Delay :  3.453
---------------------------------------
End-of-path arrival time       : 10.356

Constraint                     : 1.000
+ Capture Clock Path Delay     : 6.903
- Clock Uncertainty            : 0.156
--------------------------------------
End-of-path required time      : 7.747

Launch Clock Path
            name              model name   delay (ns)  cumulative delay (ns) pins on net    location
======================================================================================================
clk_in                          inpad        0.000             0.000               0       (338,323)
clk_in                          inpad        0.260             0.260               2       (338,323)
clk_in                          net          0.416             0.676               2       (338,323)
   Routing elements:
      Manhattan distance of X:1, Y:0
CLKBUF__0|I                     gbuf         6.227             6.903               2       (337,323)
CLKBUF__0|O                     gbuf         0.000             6.903              38       (337,323)
clk_in~O                        net          0.000             6.903              38       (337,323)
count[19]~FF_frt_0_frt_3|CLK    ff           0.000             6.903              38       (66,65)  

Data Path
           name             model name   delay (ns)  cumulative delay (ns) pins on net    location
====================================================================================================
count[19]~FF_frt_0_frt_3|Q     ff          0.366             0.366               2        (66,65)
count[19]~FF_frt_0_frt_3_q     net         1.271             1.637               2        (66,65)
   Routing elements:
      Manhattan distance of X:0, Y:13
LUT__222|in[2]                 lut         0.000             1.637               2        (66,52)
LUT__222|out                   lut         0.000             1.637              38        (66,52)
n5                             net         1.487             3.124              38        (66,52)
   Routing elements:
      Manhattan distance of X:0, Y:9
count[1]~FF_frt_21|SR          ff          0.329             3.453              38        (66,61)

Capture Clock Path
         name           model name   delay (ns)  cumulative delay (ns) pins on net    location
================================================================================================
clk_in                    inpad        0.000             0.000               0       (338,323)
clk_in                    inpad        0.260             0.260               2       (338,323)
clk_in                    net          0.416             0.676               2       (338,323)
   Routing elements:
      Manhattan distance of X:1, Y:0
CLKBUF__0|I               gbuf         6.227             6.903               2       (337,323)
CLKBUF__0|O               gbuf         0.000             6.903              38       (337,323)
clk_in~O                  net          0.000             6.903              38       (337,323)
count[1]~FF_frt_21|CLK    ff           0.000             6.903              38       (66,61)  

++++ Path 7 ++++++++++++++++++++++++++++++++++++++++++++++++++++++++++++++++++++

Path Begin    : count[19]~FF_frt_0_frt_3|CLK         
Path End      : count[1]~FF_frt_15|SR                
Launch Clock  : clk_in (RISE)                        
Capture Clock : clk_in (RISE)                        
Slack         : -2.609 (required time - arrival time)
Delay         : 2.758                                

Logic Level             : 1
Non-global nets on path : 2
Global nets on path     : 0

Launch Clock Path Delay        :  6.903
+ Clock To Q + Data Path Delay :  3.453
---------------------------------------
End-of-path arrival time       : 10.356

Constraint                     : 1.000
+ Capture Clock Path Delay     : 6.903
- Clock Uncertainty            : 0.156
--------------------------------------
End-of-path required time      : 7.747

Launch Clock Path
            name              model name   delay (ns)  cumulative delay (ns) pins on net    location
======================================================================================================
clk_in                          inpad        0.000             0.000               0       (338,323)
clk_in                          inpad        0.260             0.260               2       (338,323)
clk_in                          net          0.416             0.676               2       (338,323)
   Routing elements:
      Manhattan distance of X:1, Y:0
CLKBUF__0|I                     gbuf         6.227             6.903               2       (337,323)
CLKBUF__0|O                     gbuf         0.000             6.903              38       (337,323)
clk_in~O                        net          0.000             6.903              38       (337,323)
count[19]~FF_frt_0_frt_3|CLK    ff           0.000             6.903              38       (66,65)  

Data Path
           name             model name   delay (ns)  cumulative delay (ns) pins on net    location
====================================================================================================
count[19]~FF_frt_0_frt_3|Q     ff          0.366             0.366               2        (66,65)
count[19]~FF_frt_0_frt_3_q     net         1.271             1.637               2        (66,65)
   Routing elements:
      Manhattan distance of X:0, Y:13
LUT__222|in[2]                 lut         0.000             1.637               2        (66,52)
LUT__222|out                   lut         0.000             1.637              38        (66,52)
n5                             net         1.487             3.124              38        (66,52)
   Routing elements:
      Manhattan distance of X:0, Y:3
count[1]~FF_frt_15|SR          ff          0.329             3.453              38        (66,55)

Capture Clock Path
         name           model name   delay (ns)  cumulative delay (ns) pins on net    location
================================================================================================
clk_in                    inpad        0.000             0.000               0       (338,323)
clk_in                    inpad        0.260             0.260               2       (338,323)
clk_in                    net          0.416             0.676               2       (338,323)
   Routing elements:
      Manhattan distance of X:1, Y:0
CLKBUF__0|I               gbuf         6.227             6.903               2       (337,323)
CLKBUF__0|O               gbuf         0.000             6.903              38       (337,323)
clk_in~O                  net          0.000             6.903              38       (337,323)
count[1]~FF_frt_15|CLK    ff           0.000             6.903              38       (66,55)  

++++ Path 8 ++++++++++++++++++++++++++++++++++++++++++++++++++++++++++++++++++++

Path Begin    : count[19]~FF_frt_0_frt_3|CLK         
Path End      : count[11]~FF_frt_4|SR                
Launch Clock  : clk_in (RISE)                        
Capture Clock : clk_in (RISE)                        
Slack         : -2.609 (required time - arrival time)
Delay         : 2.758                                

Logic Level             : 1
Non-global nets on path : 2
Global nets on path     : 0

Launch Clock Path Delay        :  6.903
+ Clock To Q + Data Path Delay :  3.453
---------------------------------------
End-of-path arrival time       : 10.356

Constraint                     : 1.000
+ Capture Clock Path Delay     : 6.903
- Clock Uncertainty            : 0.156
--------------------------------------
End-of-path required time      : 7.747

Launch Clock Path
            name              model name   delay (ns)  cumulative delay (ns) pins on net    location
======================================================================================================
clk_in                          inpad        0.000             0.000               0       (338,323)
clk_in                          inpad        0.260             0.260               2       (338,323)
clk_in                          net          0.416             0.676               2       (338,323)
   Routing elements:
      Manhattan distance of X:1, Y:0
CLKBUF__0|I                     gbuf         6.227             6.903               2       (337,323)
CLKBUF__0|O                     gbuf         0.000             6.903              38       (337,323)
clk_in~O                        net          0.000             6.903              38       (337,323)
count[19]~FF_frt_0_frt_3|CLK    ff           0.000             6.903              38       (66,65)  

Data Path
           name             model name   delay (ns)  cumulative delay (ns) pins on net    location
====================================================================================================
count[19]~FF_frt_0_frt_3|Q     ff          0.366             0.366               2        (66,65)
count[19]~FF_frt_0_frt_3_q     net         1.271             1.637               2        (66,65)
   Routing elements:
      Manhattan distance of X:0, Y:13
LUT__222|in[2]                 lut         0.000             1.637               2        (66,52)
LUT__222|out                   lut         0.000             1.637              38        (66,52)
n5                             net         1.487             3.124              38        (66,52)
   Routing elements:
      Manhattan distance of X:0, Y:2
count[11]~FF_frt_4|SR          ff          0.329             3.453              38        (66,54)

Capture Clock Path
         name           model name   delay (ns)  cumulative delay (ns) pins on net    location
================================================================================================
clk_in                    inpad        0.000             0.000               0       (338,323)
clk_in                    inpad        0.260             0.260               2       (338,323)
clk_in                    net          0.416             0.676               2       (338,323)
   Routing elements:
      Manhattan distance of X:1, Y:0
CLKBUF__0|I               gbuf         6.227             6.903               2       (337,323)
CLKBUF__0|O               gbuf         0.000             6.903              38       (337,323)
clk_in~O                  net          0.000             6.903              38       (337,323)
count[11]~FF_frt_4|CLK    ff           0.000             6.903              38       (66,54)  

++++ Path 9 ++++++++++++++++++++++++++++++++++++++++++++++++++++++++++++++++++++

Path Begin    : count[19]~FF_frt_0_frt_3|CLK         
Path End      : count[1]~FF_frt_27|SR                
Launch Clock  : clk_in (RISE)                        
Capture Clock : clk_in (RISE)                        
Slack         : -2.609 (required time - arrival time)
Delay         : 2.758                                

Logic Level             : 1
Non-global nets on path : 2
Global nets on path     : 0

Launch Clock Path Delay        :  6.903
+ Clock To Q + Data Path Delay :  3.453
---------------------------------------
End-of-path arrival time       : 10.356

Constraint                     : 1.000
+ Capture Clock Path Delay     : 6.903
- Clock Uncertainty            : 0.156
--------------------------------------
End-of-path required time      : 7.747

Launch Clock Path
            name              model name   delay (ns)  cumulative delay (ns) pins on net    location
======================================================================================================
clk_in                          inpad        0.000             0.000               0       (338,323)
clk_in                          inpad        0.260             0.260               2       (338,323)
clk_in                          net          0.416             0.676               2       (338,323)
   Routing elements:
      Manhattan distance of X:1, Y:0
CLKBUF__0|I                     gbuf         6.227             6.903               2       (337,323)
CLKBUF__0|O                     gbuf         0.000             6.903              38       (337,323)
clk_in~O                        net          0.000             6.903              38       (337,323)
count[19]~FF_frt_0_frt_3|CLK    ff           0.000             6.903              38       (66,65)  

Data Path
           name             model name   delay (ns)  cumulative delay (ns) pins on net    location
====================================================================================================
count[19]~FF_frt_0_frt_3|Q     ff          0.366             0.366               2        (66,65)
count[19]~FF_frt_0_frt_3_q     net         1.271             1.637               2        (66,65)
   Routing elements:
      Manhattan distance of X:0, Y:13
LUT__222|in[2]                 lut         0.000             1.637               2        (66,52)
LUT__222|out                   lut         0.000             1.637              38        (66,52)
n5                             net         1.487             3.124              38        (66,52)
   Routing elements:
      Manhattan distance of X:0, Y:14
count[1]~FF_frt_27|SR          ff          0.329             3.453              38        (66,66)

Capture Clock Path
         name           model name   delay (ns)  cumulative delay (ns) pins on net    location
================================================================================================
clk_in                    inpad        0.000             0.000               0       (338,323)
clk_in                    inpad        0.260             0.260               2       (338,323)
clk_in                    net          0.416             0.676               2       (338,323)
   Routing elements:
      Manhattan distance of X:1, Y:0
CLKBUF__0|I               gbuf         6.227             6.903               2       (337,323)
CLKBUF__0|O               gbuf         0.000             6.903              38       (337,323)
clk_in~O                  net          0.000             6.903              38       (337,323)
count[1]~FF_frt_27|CLK    ff           0.000             6.903              38       (66,66)  

++++ Path 10 +++++++++++++++++++++++++++++++++++++++++++++++++++++++++++++++++++

Path Begin    : count[19]~FF_frt_0_frt_3|CLK         
Path End      : count[1]~FF_frt_5_frt_50|SR          
Launch Clock  : clk_in (RISE)                        
Capture Clock : clk_in (RISE)                        
Slack         : -2.609 (required time - arrival time)
Delay         : 2.758                                

Logic Level             : 1
Non-global nets on path : 2
Global nets on path     : 0

Launch Clock Path Delay        :  6.903
+ Clock To Q + Data Path Delay :  3.453
---------------------------------------
End-of-path arrival time       : 10.356

Constraint                     : 1.000
+ Capture Clock Path Delay     : 6.903
- Clock Uncertainty            : 0.156
--------------------------------------
End-of-path required time      : 7.747

Launch Clock Path
            name              model name   delay (ns)  cumulative delay (ns) pins on net    location
======================================================================================================
clk_in                          inpad        0.000             0.000               0       (338,323)
clk_in                          inpad        0.260             0.260               2       (338,323)
clk_in                          net          0.416             0.676               2       (338,323)
   Routing elements:
      Manhattan distance of X:1, Y:0
CLKBUF__0|I                     gbuf         6.227             6.903               2       (337,323)
CLKBUF__0|O                     gbuf         0.000             6.903              38       (337,323)
clk_in~O                        net          0.000             6.903              38       (337,323)
count[19]~FF_frt_0_frt_3|CLK    ff           0.000             6.903              38       (66,65)  

Data Path
           name              model name   delay (ns)  cumulative delay (ns) pins on net    location
=====================================================================================================
count[19]~FF_frt_0_frt_3|Q      ff          0.366             0.366               2        (66,65)
count[19]~FF_frt_0_frt_3_q      net         1.271             1.637               2        (66,65)
   Routing elements:
      Manhattan distance of X:0, Y:13
LUT__222|in[2]                  lut         0.000             1.637               2        (66,52)
LUT__222|out                    lut         0.000             1.637              38        (66,52)
n5                              net         1.487             3.124              38        (66,52)
   Routing elements:
      Manhattan distance of X:0, Y:5
count[1]~FF_frt_5_frt_50|SR     ff          0.329             3.453              38        (66,47)

Capture Clock Path
            name              model name   delay (ns)  cumulative delay (ns) pins on net    location
======================================================================================================
clk_in                          inpad        0.000             0.000               0       (338,323)
clk_in                          inpad        0.260             0.260               2       (338,323)
clk_in                          net          0.416             0.676               2       (338,323)
   Routing elements:
      Manhattan distance of X:1, Y:0
CLKBUF__0|I                     gbuf         6.227             6.903               2       (337,323)
CLKBUF__0|O                     gbuf         0.000             6.903              38       (337,323)
clk_in~O                        net          0.000             6.903              38       (337,323)
count[1]~FF_frt_5_frt_50|CLK    ff           0.000             6.903              38       (66,47)  

---------- Path Details for Max Critical Paths (end) ---------------

---------- 4. Path Details for Min Critical Paths (begin) ----------

################################################################################
Path Detail Report (clk_in vs clk_in)
################################################################################


++++ Path 1 ++++++++++++++++++++++++++++++++++++++++++++++++++++++++++++++++++++

Path Begin    : count[1]~FF_frt_27|CLK              
Path End      : count[19]~FF_frt_0_frt_3|D          
Launch Clock  : clk_in (RISE)                       
Capture Clock : clk_in (RISE)                       
Slack         : 0.307 (arrival time - required time)
Delay         : 0.226                               

Logic Level             : 1
Non-global nets on path : 1
Global nets on path     : 0

Launch Clock Path Delay        : 2.655
+ Clock To Q + Data Path Delay : 0.367
--------------------------------------
End-of-path arrival time       : 3.022

Constraint                     : 0.000
+ Capture Clock Path Delay     : 2.655
+ Clock Uncertainty            : 0.060
--------------------------------------
End-of-path required time      : 2.715

Launch Clock Path
         name           model name   delay (ns)  cumulative delay (ns) pins on net    location
================================================================================================
clk_in                    inpad        0.000             0.000               0       (338,323)
clk_in                    inpad        0.100             0.100               2       (338,323)
clk_in                    net          0.160             0.260               2       (338,323)
   Routing elements:
      Manhattan distance of X:1, Y:0
CLKBUF__0|I               gbuf         2.395             2.655               2       (337,323)
CLKBUF__0|O               gbuf         0.000             2.655              38       (337,323)
clk_in~O                  net          0.000             2.655              38       (337,323)
count[1]~FF_frt_27|CLK    ff           0.000             2.655              38       (66,66)  

Data Path
           name             model name   delay (ns)  cumulative delay (ns) pins on net    location
====================================================================================================
count[1]~FF_frt_27|Q           ff          0.141             0.141              2         (66,66)
count[1]~FF_frt_27_q           net         0.226             0.367              2         (66,66)
   Routing elements:
      Manhattan distance of X:0, Y:1
LUT__221|in[3]                 lut         0.000             0.367              2         (66,65)
LUT__221|out                   lut         0.000             0.367              2         (66,65)
count[19]~FF_frt_0_frt_3|D     ff          0.000             0.367              2         (66,65)

Capture Clock Path
            name              model name   delay (ns)  cumulative delay (ns) pins on net    location
======================================================================================================
clk_in                          inpad        0.000             0.000               0       (338,323)
clk_in                          inpad        0.100             0.100               2       (338,323)
clk_in                          net          0.160             0.260               2       (338,323)
   Routing elements:
      Manhattan distance of X:1, Y:0
CLKBUF__0|I                     gbuf         2.395             2.655               2       (337,323)
CLKBUF__0|O                     gbuf         0.000             2.655              38       (337,323)
clk_in~O                        net          0.000             2.655              38       (337,323)
count[19]~FF_frt_0_frt_3|CLK    ff           0.000             2.655              38       (66,65)  

++++ Path 2 ++++++++++++++++++++++++++++++++++++++++++++++++++++++++++++++++++++

Path Begin    : count[1]~FF_frt_15|CLK              
Path End      : count[11]~FF_frt_4|D                
Launch Clock  : clk_in (RISE)                       
Capture Clock : clk_in (RISE)                       
Slack         : 0.307 (arrival time - required time)
Delay         : 0.226                               

Logic Level             : 1
Non-global nets on path : 1
Global nets on path     : 0

Launch Clock Path Delay        : 2.655
+ Clock To Q + Data Path Delay : 0.367
--------------------------------------
End-of-path arrival time       : 3.022

Constraint                     : 0.000
+ Capture Clock Path Delay     : 2.655
+ Clock Uncertainty            : 0.060
--------------------------------------
End-of-path required time      : 2.715

Launch Clock Path
         name           model name   delay (ns)  cumulative delay (ns) pins on net    location
================================================================================================
clk_in                    inpad        0.000             0.000               0       (338,323)
clk_in                    inpad        0.100             0.100               2       (338,323)
clk_in                    net          0.160             0.260               2       (338,323)
   Routing elements:
      Manhattan distance of X:1, Y:0
CLKBUF__0|I               gbuf         2.395             2.655               2       (337,323)
CLKBUF__0|O               gbuf         0.000             2.655              38       (337,323)
clk_in~O                  net          0.000             2.655              38       (337,323)
count[1]~FF_frt_15|CLK    ff           0.000             2.655              38       (66,55)  

Data Path
        name          model name   delay (ns)  cumulative delay (ns) pins on net    location
==============================================================================================
count[1]~FF_frt_15|Q     ff          0.141             0.141              2         (66,55)
count[1]~FF_frt_15_q     net         0.226             0.367              2         (66,55)
   Routing elements:
      Manhattan distance of X:0, Y:1
LUT__219|in[3]           lut         0.000             0.367              2         (66,54)
LUT__219|out             lut         0.000             0.367              2         (66,54)
count[11]~FF_frt_4|D     ff          0.000             0.367              2         (66,54)

Capture Clock Path
         name           model name   delay (ns)  cumulative delay (ns) pins on net    location
================================================================================================
clk_in                    inpad        0.000             0.000               0       (338,323)
clk_in                    inpad        0.100             0.100               2       (338,323)
clk_in                    net          0.160             0.260               2       (338,323)
   Routing elements:
      Manhattan distance of X:1, Y:0
CLKBUF__0|I               gbuf         2.395             2.655               2       (337,323)
CLKBUF__0|O               gbuf         0.000             2.655              38       (337,323)
clk_in~O                  net          0.000             2.655              38       (337,323)
count[11]~FF_frt_4|CLK    ff           0.000             2.655              38       (66,54)  

++++ Path 3 ++++++++++++++++++++++++++++++++++++++++++++++++++++++++++++++++++++

Path Begin    : count[0]~FF|CLK                     
Path End      : count[0]~FF|D                       
Launch Clock  : clk_in (RISE)                       
Capture Clock : clk_in (RISE)                       
Slack         : 0.307 (arrival time - required time)
Delay         : 0.226                               

Logic Level             : 0
Non-global nets on path : 1
Global nets on path     : 0

Launch Clock Path Delay        : 2.655
+ Clock To Q + Data Path Delay : 0.367
--------------------------------------
End-of-path arrival time       : 3.022

Constraint                     : 0.000
+ Capture Clock Path Delay     : 2.655
+ Clock Uncertainty            : 0.060
--------------------------------------
End-of-path required time      : 2.715

Launch Clock Path
     name        model name   delay (ns)  cumulative delay (ns) pins on net    location
=========================================================================================
clk_in             inpad        0.000             0.000               0       (338,323)
clk_in             inpad        0.100             0.100               2       (338,323)
clk_in             net          0.160             0.260               2       (338,323)
   Routing elements:
      Manhattan distance of X:1, Y:0
CLKBUF__0|I        gbuf         2.395             2.655               2       (337,323)
CLKBUF__0|O        gbuf         0.000             2.655              38       (337,323)
clk_in~O           net          0.000             2.655              38       (337,323)
count[0]~FF|CLK    ff           0.000             2.655              38       (66,27)  

Data Path
    name       model name   delay (ns)  cumulative delay (ns) pins on net    location
=======================================================================================
count[0]~FF|Q     ff          0.141             0.141              3         (66,27)
count[0]          net         0.226             0.367              3         (66,27)
count[0]~FF|D     ff          0.000             0.367              3         (66,27)

Capture Clock Path
     name        model name   delay (ns)  cumulative delay (ns) pins on net    location
=========================================================================================
clk_in             inpad        0.000             0.000               0       (338,323)
clk_in             inpad        0.100             0.100               2       (338,323)
clk_in             net          0.160             0.260               2       (338,323)
   Routing elements:
      Manhattan distance of X:1, Y:0
CLKBUF__0|I        gbuf         2.395             2.655               2       (337,323)
CLKBUF__0|O        gbuf         0.000             2.655              38       (337,323)
clk_in~O           net          0.000             2.655              38       (337,323)
count[0]~FF|CLK    ff           0.000             2.655              38       (66,27)  

++++ Path 4 ++++++++++++++++++++++++++++++++++++++++++++++++++++++++++++++++++++

Path Begin    : led_1~FF|CLK                        
Path End      : led_1~FF|D                          
Launch Clock  : clk_in (RISE)                       
Capture Clock : clk_in (RISE)                       
Slack         : 0.307 (arrival time - required time)
Delay         : 0.226                               

Logic Level             : 0
Non-global nets on path : 1
Global nets on path     : 0

Launch Clock Path Delay        : 2.655
+ Clock To Q + Data Path Delay : 0.367
--------------------------------------
End-of-path arrival time       : 3.022

Constraint                     : 0.000
+ Capture Clock Path Delay     : 2.655
+ Clock Uncertainty            : 0.060
--------------------------------------
End-of-path required time      : 2.715

Launch Clock Path
    name      model name   delay (ns)  cumulative delay (ns) pins on net    location
======================================================================================
clk_in          inpad        0.000             0.000               0       (338,323)
clk_in          inpad        0.100             0.100               2       (338,323)
clk_in          net          0.160             0.260               2       (338,323)
   Routing elements:
      Manhattan distance of X:1, Y:0
CLKBUF__0|I     gbuf         2.395             2.655               2       (337,323)
CLKBUF__0|O     gbuf         0.000             2.655              38       (337,323)
clk_in~O        net          0.000             2.655              38       (337,323)
led_1~FF|CLK    ff           0.000             2.655              38       (68,52)  

Data Path
    name      model name   delay (ns)  cumulative delay (ns) pins on net    location
======================================================================================
 led_1~FF|Q      ff          0.141             0.141              3         (68,52)
 led_1           net         0.226             0.367              3         (68,52)
 led_1~FF|D      ff          0.000             0.367              3         (68,52)

Capture Clock Path
    name      model name   delay (ns)  cumulative delay (ns) pins on net    location
======================================================================================
clk_in          inpad        0.000             0.000               0       (338,323)
clk_in          inpad        0.100             0.100               2       (338,323)
clk_in          net          0.160             0.260               2       (338,323)
   Routing elements:
      Manhattan distance of X:1, Y:0
CLKBUF__0|I     gbuf         2.395             2.655               2       (337,323)
CLKBUF__0|O     gbuf         0.000             2.655              38       (337,323)
clk_in~O        net          0.000             2.655              38       (337,323)
led_1~FF|CLK    ff           0.000             2.655              38       (68,52)  

++++ Path 5 ++++++++++++++++++++++++++++++++++++++++++++++++++++++++++++++++++++

Path Begin    : count[1]~FF_frt_23_frt_28|CLK       
Path End      : count[19]~FF_frt_0_frt_3|D          
Launch Clock  : clk_in (RISE)                       
Capture Clock : clk_in (RISE)                       
Slack         : 0.329 (arrival time - required time)
Delay         : 0.248                               

Logic Level             : 1
Non-global nets on path : 1
Global nets on path     : 0

Launch Clock Path Delay        : 2.655
+ Clock To Q + Data Path Delay : 0.389
--------------------------------------
End-of-path arrival time       : 3.044

Constraint                     : 0.000
+ Capture Clock Path Delay     : 2.655
+ Clock Uncertainty            : 0.060
--------------------------------------
End-of-path required time      : 2.715

Launch Clock Path
            name               model name   delay (ns)  cumulative delay (ns) pins on net    location
=======================================================================================================
clk_in                           inpad        0.000             0.000               0       (338,323)
clk_in                           inpad        0.100             0.100               2       (338,323)
clk_in                           net          0.160             0.260               2       (338,323)
   Routing elements:
      Manhattan distance of X:1, Y:0
CLKBUF__0|I                      gbuf         2.395             2.655               2       (337,323)
CLKBUF__0|O                      gbuf         0.000             2.655              38       (337,323)
clk_in~O                         net          0.000             2.655              38       (337,323)
count[1]~FF_frt_23_frt_28|CLK    ff           0.000             2.655              38       (66,62)  

Data Path
           name              model name   delay (ns)  cumulative delay (ns) pins on net    location
=====================================================================================================
count[1]~FF_frt_23_frt_28|Q     ff          0.141             0.141              2         (66,62)
count[1]~FF_frt_23_frt_28_q     net         0.248             0.389              2         (66,62)
   Routing elements:
      Manhattan distance of X:0, Y:3
LUT__221|in[2]                  lut         0.000             0.389              2         (66,65)
LUT__221|out                    lut         0.000             0.389              2         (66,65)
count[19]~FF_frt_0_frt_3|D      ff          0.000             0.389              2         (66,65)

Capture Clock Path
            name              model name   delay (ns)  cumulative delay (ns) pins on net    location
======================================================================================================
clk_in                          inpad        0.000             0.000               0       (338,323)
clk_in                          inpad        0.100             0.100               2       (338,323)
clk_in                          net          0.160             0.260               2       (338,323)
   Routing elements:
      Manhattan distance of X:1, Y:0
CLKBUF__0|I                     gbuf         2.395             2.655               2       (337,323)
CLKBUF__0|O                     gbuf         0.000             2.655              38       (337,323)
clk_in~O                        net          0.000             2.655              38       (337,323)
count[19]~FF_frt_0_frt_3|CLK    ff           0.000             2.655              38       (66,65)  

++++ Path 6 ++++++++++++++++++++++++++++++++++++++++++++++++++++++++++++++++++++

Path Begin    : count[1]~FF_frt_11_frt_30|CLK       
Path End      : count[11]~FF_frt_4|D                
Launch Clock  : clk_in (RISE)                       
Capture Clock : clk_in (RISE)                       
Slack         : 0.329 (arrival time - required time)
Delay         : 0.248                               

Logic Level             : 1
Non-global nets on path : 1
Global nets on path     : 0

Launch Clock Path Delay        : 2.655
+ Clock To Q + Data Path Delay : 0.389
--------------------------------------
End-of-path arrival time       : 3.044

Constraint                     : 0.000
+ Capture Clock Path Delay     : 2.655
+ Clock Uncertainty            : 0.060
--------------------------------------
End-of-path required time      : 2.715

Launch Clock Path
            name               model name   delay (ns)  cumulative delay (ns) pins on net    location
=======================================================================================================
clk_in                           inpad        0.000             0.000               0       (338,323)
clk_in                           inpad        0.100             0.100               2       (338,323)
clk_in                           net          0.160             0.260               2       (338,323)
   Routing elements:
      Manhattan distance of X:1, Y:0
CLKBUF__0|I                      gbuf         2.395             2.655               2       (337,323)
CLKBUF__0|O                      gbuf         0.000             2.655              38       (337,323)
clk_in~O                         net          0.000             2.655              38       (337,323)
count[1]~FF_frt_11_frt_30|CLK    ff           0.000             2.655              38       (66,51)  

Data Path
           name              model name   delay (ns)  cumulative delay (ns) pins on net    location
=====================================================================================================
count[1]~FF_frt_11_frt_30|Q     ff          0.141             0.141              2         (66,51)
count[1]~FF_frt_11_frt_30_q     net         0.248             0.389              2         (66,51)
   Routing elements:
      Manhattan distance of X:0, Y:3
LUT__219|in[2]                  lut         0.000             0.389              2         (66,54)
LUT__219|out                    lut         0.000             0.389              2         (66,54)
count[11]~FF_frt_4|D            ff          0.000             0.389              2         (66,54)

Capture Clock Path
         name           model name   delay (ns)  cumulative delay (ns) pins on net    location
================================================================================================
clk_in                    inpad        0.000             0.000               0       (338,323)
clk_in                    inpad        0.100             0.100               2       (338,323)
clk_in                    net          0.160             0.260               2       (338,323)
   Routing elements:
      Manhattan distance of X:1, Y:0
CLKBUF__0|I               gbuf         2.395             2.655               2       (337,323)
CLKBUF__0|O               gbuf         0.000             2.655              38       (337,323)
clk_in~O                  net          0.000             2.655              38       (337,323)
count[11]~FF_frt_4|CLK    ff           0.000             2.655              38       (66,54)  

++++ Path 7 ++++++++++++++++++++++++++++++++++++++++++++++++++++++++++++++++++++

Path Begin    : count[1]~FF_frt_5_frt_53|CLK        
Path End      : count[1]~FF_frt_5_frt_53|D          
Launch Clock  : clk_in (RISE)                       
Capture Clock : clk_in (RISE)                       
Slack         : 0.361 (arrival time - required time)
Delay         : 0.280                               

Logic Level             : 1
Non-global nets on path : 1
Global nets on path     : 0

Launch Clock Path Delay        : 2.655
+ Clock To Q + Data Path Delay : 0.421
--------------------------------------
End-of-path arrival time       : 3.076

Constraint                     : 0.000
+ Capture Clock Path Delay     : 2.655
+ Clock Uncertainty            : 0.060
--------------------------------------
End-of-path required time      : 2.715

Launch Clock Path
            name              model name   delay (ns)  cumulative delay (ns) pins on net    location
======================================================================================================
clk_in                          inpad        0.000             0.000               0       (338,323)
clk_in                          inpad        0.100             0.100               2       (338,323)
clk_in                          net          0.160             0.260               2       (338,323)
   Routing elements:
      Manhattan distance of X:1, Y:0
CLKBUF__0|I                     gbuf         2.395             2.655               2       (337,323)
CLKBUF__0|O                     gbuf         0.000             2.655              38       (337,323)
clk_in~O                        net          0.000             2.655              38       (337,323)
count[1]~FF_frt_5_frt_53|CLK    ff           0.000             2.655              38       (66,50)  

Data Path
           name             model name   delay (ns)  cumulative delay (ns) pins on net    location
====================================================================================================
count[1]~FF_frt_5_frt_53|Q    ff           0.141             0.141              3         (66,50)
count[1]~FF_frt_5_frt_53_q    net          0.168             0.309              3         (66,50)
add_14/i23|I1                 adder        0.112             0.421              3         (66,50)
add_14/i23|O                  adder        0.000             0.421              2         (66,50)
count[1]~FF_frt_5_frt_53|D    ff           0.000             0.421              2         (66,50)

Capture Clock Path
            name              model name   delay (ns)  cumulative delay (ns) pins on net    location
======================================================================================================
clk_in                          inpad        0.000             0.000               0       (338,323)
clk_in                          inpad        0.100             0.100               2       (338,323)
clk_in                          net          0.160             0.260               2       (338,323)
   Routing elements:
      Manhattan distance of X:1, Y:0
CLKBUF__0|I                     gbuf         2.395             2.655               2       (337,323)
CLKBUF__0|O                     gbuf         0.000             2.655              38       (337,323)
clk_in~O                        net          0.000             2.655              38       (337,323)
count[1]~FF_frt_5_frt_53|CLK    ff           0.000             2.655              38       (66,50)  

++++ Path 8 ++++++++++++++++++++++++++++++++++++++++++++++++++++++++++++++++++++

Path Begin    : count[1]~FF_frt_5_frt_49|CLK        
Path End      : count[1]~FF_frt_5_frt_49|D          
Launch Clock  : clk_in (RISE)                       
Capture Clock : clk_in (RISE)                       
Slack         : 0.361 (arrival time - required time)
Delay         : 0.280                               

Logic Level             : 1
Non-global nets on path : 1
Global nets on path     : 0

Launch Clock Path Delay        : 2.655
+ Clock To Q + Data Path Delay : 0.421
--------------------------------------
End-of-path arrival time       : 3.076

Constraint                     : 0.000
+ Capture Clock Path Delay     : 2.655
+ Clock Uncertainty            : 0.060
--------------------------------------
End-of-path required time      : 2.715

Launch Clock Path
            name              model name   delay (ns)  cumulative delay (ns) pins on net    location
======================================================================================================
clk_in                          inpad        0.000             0.000               0       (338,323)
clk_in                          inpad        0.100             0.100               2       (338,323)
clk_in                          net          0.160             0.260               2       (338,323)
   Routing elements:
      Manhattan distance of X:1, Y:0
CLKBUF__0|I                     gbuf         2.395             2.655               2       (337,323)
CLKBUF__0|O                     gbuf         0.000             2.655              38       (337,323)
clk_in~O                        net          0.000             2.655              38       (337,323)
count[1]~FF_frt_5_frt_49|CLK    ff           0.000             2.655              38       (66,46)  

Data Path
           name             model name   delay (ns)  cumulative delay (ns) pins on net    location
====================================================================================================
count[1]~FF_frt_5_frt_49|Q    ff           0.141             0.141              3         (66,46)
count[1]~FF_frt_5_frt_49_q    net          0.168             0.309              3         (66,46)
add_14/i19|I1                 adder        0.112             0.421              3         (66,46)
add_14/i19|O                  adder        0.000             0.421              2         (66,46)
count[1]~FF_frt_5_frt_49|D    ff           0.000             0.421              2         (66,46)

Capture Clock Path
            name              model name   delay (ns)  cumulative delay (ns) pins on net    location
======================================================================================================
clk_in                          inpad        0.000             0.000               0       (338,323)
clk_in                          inpad        0.100             0.100               2       (338,323)
clk_in                          net          0.160             0.260               2       (338,323)
   Routing elements:
      Manhattan distance of X:1, Y:0
CLKBUF__0|I                     gbuf         2.395             2.655               2       (337,323)
CLKBUF__0|O                     gbuf         0.000             2.655              38       (337,323)
clk_in~O                        net          0.000             2.655              38       (337,323)
count[1]~FF_frt_5_frt_49|CLK    ff           0.000             2.655              38       (66,46)  

++++ Path 9 ++++++++++++++++++++++++++++++++++++++++++++++++++++++++++++++++++++

Path Begin    : count[1]~FF_frt_5_frt_50|CLK        
Path End      : count[1]~FF_frt_5_frt_50|D          
Launch Clock  : clk_in (RISE)                       
Capture Clock : clk_in (RISE)                       
Slack         : 0.361 (arrival time - required time)
Delay         : 0.280                               

Logic Level             : 1
Non-global nets on path : 1
Global nets on path     : 0

Launch Clock Path Delay        : 2.655
+ Clock To Q + Data Path Delay : 0.421
--------------------------------------
End-of-path arrival time       : 3.076

Constraint                     : 0.000
+ Capture Clock Path Delay     : 2.655
+ Clock Uncertainty            : 0.060
--------------------------------------
End-of-path required time      : 2.715

Launch Clock Path
            name              model name   delay (ns)  cumulative delay (ns) pins on net    location
======================================================================================================
clk_in                          inpad        0.000             0.000               0       (338,323)
clk_in                          inpad        0.100             0.100               2       (338,323)
clk_in                          net          0.160             0.260               2       (338,323)
   Routing elements:
      Manhattan distance of X:1, Y:0
CLKBUF__0|I                     gbuf         2.395             2.655               2       (337,323)
CLKBUF__0|O                     gbuf         0.000             2.655              38       (337,323)
clk_in~O                        net          0.000             2.655              38       (337,323)
count[1]~FF_frt_5_frt_50|CLK    ff           0.000             2.655              38       (66,47)  

Data Path
           name             model name   delay (ns)  cumulative delay (ns) pins on net    location
====================================================================================================
count[1]~FF_frt_5_frt_50|Q    ff           0.141             0.141              3         (66,47)
count[1]~FF_frt_5_frt_50_q    net          0.168             0.309              3         (66,47)
add_14/i20|I1                 adder        0.112             0.421              3         (66,47)
add_14/i20|O                  adder        0.000             0.421              2         (66,47)
count[1]~FF_frt_5_frt_50|D    ff           0.000             0.421              2         (66,47)

Capture Clock Path
            name              model name   delay (ns)  cumulative delay (ns) pins on net    location
======================================================================================================
clk_in                          inpad        0.000             0.000               0       (338,323)
clk_in                          inpad        0.100             0.100               2       (338,323)
clk_in                          net          0.160             0.260               2       (338,323)
   Routing elements:
      Manhattan distance of X:1, Y:0
CLKBUF__0|I                     gbuf         2.395             2.655               2       (337,323)
CLKBUF__0|O                     gbuf         0.000             2.655              38       (337,323)
clk_in~O                        net          0.000             2.655              38       (337,323)
count[1]~FF_frt_5_frt_50|CLK    ff           0.000             2.655              38       (66,47)  

++++ Path 10 +++++++++++++++++++++++++++++++++++++++++++++++++++++++++++++++++++

Path Begin    : count[1]~FF_frt_5_frt_51|CLK        
Path End      : count[1]~FF_frt_5_frt_51|D          
Launch Clock  : clk_in (RISE)                       
Capture Clock : clk_in (RISE)                       
Slack         : 0.361 (arrival time - required time)
Delay         : 0.280                               

Logic Level             : 1
Non-global nets on path : 1
Global nets on path     : 0

Launch Clock Path Delay        : 2.655
+ Clock To Q + Data Path Delay : 0.421
--------------------------------------
End-of-path arrival time       : 3.076

Constraint                     : 0.000
+ Capture Clock Path Delay     : 2.655
+ Clock Uncertainty            : 0.060
--------------------------------------
End-of-path required time      : 2.715

Launch Clock Path
            name              model name   delay (ns)  cumulative delay (ns) pins on net    location
======================================================================================================
clk_in                          inpad        0.000             0.000               0       (338,323)
clk_in                          inpad        0.100             0.100               2       (338,323)
clk_in                          net          0.160             0.260               2       (338,323)
   Routing elements:
      Manhattan distance of X:1, Y:0
CLKBUF__0|I                     gbuf         2.395             2.655               2       (337,323)
CLKBUF__0|O                     gbuf         0.000             2.655              38       (337,323)
clk_in~O                        net          0.000             2.655              38       (337,323)
count[1]~FF_frt_5_frt_51|CLK    ff           0.000             2.655              38       (66,48)  

Data Path
           name             model name   delay (ns)  cumulative delay (ns) pins on net    location
====================================================================================================
count[1]~FF_frt_5_frt_51|Q    ff           0.141             0.141              3         (66,48)
count[1]~FF_frt_5_frt_51_q    net          0.168             0.309              3         (66,48)
add_14/i21|I1                 adder        0.112             0.421              3         (66,48)
add_14/i21|O                  adder        0.000             0.421              2         (66,48)
count[1]~FF_frt_5_frt_51|D    ff           0.000             0.421              2         (66,48)

Capture Clock Path
            name              model name   delay (ns)  cumulative delay (ns) pins on net    location
======================================================================================================
clk_in                          inpad        0.000             0.000               0       (338,323)
clk_in                          inpad        0.100             0.100               2       (338,323)
clk_in                          net          0.160             0.260               2       (338,323)
   Routing elements:
      Manhattan distance of X:1, Y:0
CLKBUF__0|I                     gbuf         2.395             2.655               2       (337,323)
CLKBUF__0|O                     gbuf         0.000             2.655              38       (337,323)
clk_in~O                        net          0.000             2.655              38       (337,323)
count[1]~FF_frt_5_frt_51|CLK    ff           0.000             2.655              38       (66,48)  

---------- Path Details for Min Critical Paths (end) ---------------

