
Efinity Interface Designer Timing Report
Version: 2024.1.163
Date: 2024-10-15 16:08

Copyright (C) 2013 - 2024 Efinix Inc. All rights reserved.

Device: T120F324
Project: LED_BLINKING_DEMO
Timing Model: C3 (final)

---------- 1. PLL Timing Report (begin) ----------

+--------------+----------+-----------------+--------------------------+----------+-------------------+---------------------------------+---------------------------------+
| PLL Instance | Resource | Reference Clock | Core Clock Reference Pin | FB Mode  | Core Feedback Pin | PLL Compensation Delay Max (ns) | PLL Compensation Delay Min (ns) |
+--------------+----------+-----------------+--------------------------+----------+-------------------+---------------------------------+---------------------------------+
|     Clk      | PLL_BR2  |     external    |                          | internal |                   |               N/A               |               N/A               |
+--------------+----------+-----------------+--------------------------+----------+-------------------+---------------------------------+---------------------------------+

+--------+-------------+-----------------------+
| Clock  | Period (ns) | Phase Shift (degrees) |
+--------+-------------+-----------------------+
| clk_in |   10.0000   |           0           |
+--------+-------------+-----------------------+

---------- PLL Timing Report (end) ----------

---------- 2. GPIO Timing Report (begin) ----------

Non-registered GPIO Configuration:
===================================

+---------------+----------+-----------+----------+----------+
| Instance Name | Pin Name | Parameter | Max (ns) | Min (ns) |
+---------------+----------+-----------+----------+----------+
|     i_clk     |  i_clk   |  GPIO_IN  |  1.919   |  0.738   |
+---------------+----------+-----------+----------+----------+

---------- GPIO Timing Report (end) ----------

---------- 3. LVDS Rx Timing Report (begin) ----------

Non-registered LVDS GPIO Configuration:
========================================

+---------------+----------+-----------+----------+----------+
| Instance Name | Pin Name | Parameter | Max (ns) | Min (ns) |
+---------------+----------+-----------+----------+----------+
|     led_1     |  led_1   |  GPIO_OUT |  4.605   |  1.771   |
|     led_2     |  led_2   |  GPIO_OUT |  4.605   |  1.771   |
|     led_3     |  led_3   |  GPIO_OUT |  4.605   |  1.771   |
|     led_4     |  led_4   |  GPIO_OUT |  4.605   |  1.771   |
+---------------+----------+-----------+----------+----------+

---------- LVDS Rx Timing Report (end) ----------
